04:07:38 **** Incremental Build of configuration Debug for project Basic ****
make -j8 all 
arm-none-eabi-size   Basic.elf 
   text	   data	    bss	    dec	    hex	filename
    804	      8	   1568	   2380	    94c	Basic.elf
Finished building: default.size.stdout
 
04:07:41 **** Incremental Build of configuration Debug for project Basic ****
make -j8 all 
arm-none-eabi-size   Basic.elf 
   text	   data	    bss	    dec	    hex	filename
    804	      8	   1568	   2380	    94c	Basic.elf
Finished building: default.size.stdout
 
